AR mux2v32 behavioral E:/LaboratoareSOC/Lab7/mipscomplet/MUX2V32.vhd sub00/vhpl15 1653574965
AR rom32x32 behavioral E:/LaboratoareSOC/Lab7/mipscomplet/ROM32x32_test1.vhd sub00/vhpl17 1653574975
AR file_regs behavioral E:/LaboratoareSOC/Lab7/mipscomplet/File_Regs.vhd sub00/vhpl08 1653574973
AR alu behavioral E:/LaboratoareSOC/Lab7/mipscomplet/ALU.vhd sub00/vhpl10 1653574959
EN datamem NULL E:/LaboratoareSOC/Lab7/mipscomplet/DataMem.vhd sub00/vhpl11 1653574962
EN file_regs NULL E:/LaboratoareSOC/Lab7/mipscomplet/File_Regs.vhd sub00/vhpl07 1653574972
EN mux2v5 NULL E:/LaboratoareSOC/Lab7/mipscomplet/MUX2V5.vhd sub00/vhpl05 1653574966
EN rom32x32 NULL E:/LaboratoareSOC/Lab7/mipscomplet/ROM32x32_test1.vhd sub00/vhpl04 1653574974
EN pc_update NULL E:/LaboratoareSOC/Lab7/mipscomplet/Pc_Update.vhd sub00/vhpl02 1653574968
AR ctrl behavioral E:/LaboratoareSOC/Lab7/mipscomplet/ctrl.vhd sub00/vhpl14 1653574961
AR mips behavioral Z:/Lab7/mipscomplet/mips.vhf sub00/vhpl19 1681153633
EN progcnt NULL E:/LaboratoareSOC/Lab7/mipscomplet/ProgCnt.vhd sub00/vhpl00 1653574970
EN ctrl NULL E:/LaboratoareSOC/Lab7/mipscomplet/ctrl.vhd sub00/vhpl13 1653574960
EN mips NULL Z:/Lab7/mipscomplet/mips.vhf sub00/vhpl18 1681153632
AR progcnt behavioral E:/LaboratoareSOC/Lab7/mipscomplet/ProgCnt.vhd sub00/vhpl01 1653574971
EN mux2v32 NULL E:/LaboratoareSOC/Lab7/mipscomplet/MUX2V32.vhd sub00/vhpl12 1653574964
AR datamem behavioral E:/LaboratoareSOC/Lab7/mipscomplet/DataMem.vhd sub00/vhpl16 1653574963
AR mux2v5 behavioral E:/LaboratoareSOC/Lab7/mipscomplet/MUX2V5.vhd sub00/vhpl06 1653574967
AR pc_update behavioral E:/LaboratoareSOC/Lab7/mipscomplet/Pc_Update.vhd sub00/vhpl03 1653574969
EN alu NULL E:/LaboratoareSOC/Lab7/mipscomplet/ALU.vhd sub00/vhpl09 1653574958
