AR mux2v32 behavioral //vboxsvr/proiectare_logica/Laborator5/mips/MUX2V32.vhd sub00/vhpl17 1680643668
AR file_regs behavioral //vboxsvr/proiectare_logica/Laborator5/mips/File_Regs.vhd sub00/vhpl11 1680643676
AR alu behavioral //vboxsvr/proiectare_logica/Laborator5/mips/ALU.vhd sub00/vhpl13 1680643662
EN datamem NULL //vboxsvr/proiectare_logica/Laborator5/mips/DataMem.vhd sub00/vhpl14 1680643665
EN file_regs NULL //vboxsvr/proiectare_logica/Laborator5/mips/File_Regs.vhd sub00/vhpl10 1680643675
EN mux2v5 NULL //vboxsvr/proiectare_logica/Laborator5/mips/MUX2V5.vhd sub00/vhpl06 1680643669
EN rom32x32 NULL //vboxsvr/proiectare_logica/Laborator5/mips/ROM32x32.vhd sub00/vhpl04 1680643677
AR rom32x32 rom32x32_arch //vboxsvr/proiectare_logica/Laborator5/mips/ROM32x32.vhd sub00/vhpl05 1680643678
EN pc_update NULL //vboxsvr/proiectare_logica/Laborator5/mips/PC_Update.vhd sub00/vhpl02 1680643671
AR ctrl behavioral //vboxsvr/proiectare_logica/Laborator5/mips/ctrl.vhd sub00/vhpl19 1680643664
AR mips behavioral Z:/Laborator5/mips/mips.vhf sub00/vhpl09 1680643905
EN progcnt NULL //vboxsvr/proiectare_logica/Laborator5/mips/ProgCnt.vhd sub00/vhpl00 1680643673
EN ctrl NULL //vboxsvr/proiectare_logica/Laborator5/mips/ctrl.vhd sub00/vhpl18 1680643663
EN mips NULL Z:/Laborator5/mips/mips.vhf sub00/vhpl08 1680643904
AR progcnt behavioral //vboxsvr/proiectare_logica/Laborator5/mips/ProgCnt.vhd sub00/vhpl01 1680643674
EN mux2v32 NULL //vboxsvr/proiectare_logica/Laborator5/mips/MUX2V32.vhd sub00/vhpl16 1680643667
AR datamem behavioral //vboxsvr/proiectare_logica/Laborator5/mips/DataMem.vhd sub00/vhpl15 1680643666
AR mux2v5 behavioral //vboxsvr/proiectare_logica/Laborator5/mips/MUX2V5.vhd sub00/vhpl07 1680643670
AR pc_update behavioral //vboxsvr/proiectare_logica/Laborator5/mips/PC_Update.vhd sub00/vhpl03 1680643672
EN alu NULL //vboxsvr/proiectare_logica/Laborator5/mips/ALU.vhd sub00/vhpl12 1680643661
